// Jest Snapshot v1, https://goo.gl/fbAQLP

exports[`Chat messageTypes Should render snapshot 1`] = `undefined`;
